// Jest Snapshot v1, https://goo.gl/fbAQLP

exports[`renders a matching snapshot 1`] = `
<div
  className="container py6 "
>
  hello
</div>
`;
