// Jest Snapshot v1, https://goo.gl/fbAQLP

exports[`applies the correct link subject 1`] = `
<a
  className="c-text-main tdu hov-c-primary-main "
  href="mailto:test@test.test"
  rel="noreferrer noopener"
  target="_blank"
>
  test@test.test
</a>
`;
